Logging console output to: runs/Experiments/2026-06-02/console.log
--- Preprocessing data ---
Normalizing columns ['CRIM', 'ZN', 'AGE', 'DIS', 'RAD', 'TAX', 'LSTAT'] with z_norm.
---------------------------
--- Data Split ---
Splitting dataset with test size = 0.2, random state = 49.
Creating K-Fold with 5 folds.
------------------
--- Model ---
Building model xgb with parameters:
{'n_estimators': [100, 1000, 50], 'learning_rate': [0.01, 0.05, 0.1, 0.2], 'max_depth': [3, 4, 5, 6, 8], 'subsample': [0.6, 0.7, 0.8, 0.9, 1.0], 'colsample_bytree': [0.6, 0.7, 0.8, 0.9, 1.0], 'n_iter': 30}
-------------

--- K-Fold Cross Validation with model (2026-06-02) ---
kfold_classical_model-xgb

--- K-Fold Cross Validation with model (2026-06-02) ---
kfold_classical_model-xgb
Best Params: {'subsample': 0.9, 'n_estimators': np.int64(200), 'max_depth': 3, 'learning_rate': 0.1, 'colsample_bytree': 0.8}
Best results:
Best neg_root_mean_squared_error: -3.2519
Best neg_mean_absolute_error: -2.2493
Best r2: 0.8654
